// Jest Snapshot v1, https://goo.gl/fbAQLP

exports[`Pruebas de <GifItem> Debe hacer match con el snapshot 1`] = `
<div>
  <div
    class="card"
  >
    <img
      alt="Godwana"
      src="https://godwana.com/godwana.gif"
    />
    <p>
      Godwana
    </p>
  </div>
</div>
`;
